Configuration on demand is an incubating feature.
Reusing configuration cache.
> Task :checkKotlinGradlePluginConfigurationErrors SKIPPED
> Task :processTestResources NO-SOURCE
> Task :processResources UP-TO-DATE
> Task :compileKotlin UP-TO-DATE
> Task :compileJava NO-SOURCE
> Task :classes UP-TO-DATE
> Task :jar UP-TO-DATE
> Task :compileTestKotlin UP-TO-DATE
> Task :compileTestJava NO-SOURCE
> Task :testClasses UP-TO-DATE
> Task :processTestAot UP-TO-DATE
> Task :processAotTestResources UP-TO-DATE
> Task :compileAotTestKotlin NO-SOURCE
> Task :compileAotTestJava UP-TO-DATE
> Task :aotTestClasses UP-TO-DATE

> Task :isoNullByDim

SeparationNullBySizeTest > isoNullByDim - isotropic null p95 of the production splitter at 128, 256, 512 dims() STANDARD_OUT

    ── ISO-NULL sliceDim=128 (sigma=0.5), minClusterSize=55  (reps=300, minClusterSize=55, bar=0.025) ──
         n     d |       p50       p90       p95       p99 |           p95 95%CI |   bindP95 |  reach%    acc%
       130    64 |   0.01381   0.01577   0.01625   0.01684 | [ 0.01603, 0.01678] |   0.01620 |   63.7%    0.0%
            outcomes: min-pair=191, em-collapsed=105, not-routing-sustainable=4  | emK: k2=195
       406    64 |   0.01080   0.01128   0.01150   0.01178 | [ 0.01134, 0.01164] |   0.01150 |  100.0%    0.0%
            outcomes: min-pair=300  | emK: k2=300
       900   128 |   0.00906   0.00929   0.00939   0.00957 | [ 0.00933, 0.00943] |   0.00940 |  100.0%    0.0%
            outcomes: min-pair=300  | emK: k2=300

    ── ISO-NULL sliceDim=256 (sigma=0.5), minClusterSize=55  (reps=300, minClusterSize=55, bar=0.025) ──
         n     d |       p50       p90       p95       p99 |           p95 95%CI |   bindP95 |  reach%    acc%
       130    64 |   0.00000   0.00000   0.00817   0.00953 | [ 0.00000, 0.00889] |   0.00820 |    6.7%    0.0%
            outcomes: em-collapsed=280, min-pair=20  | emK: k2=20
       406    64 |   0.00634   0.00680   0.00688   0.00703 | [ 0.00683, 0.00699] |   0.00690 |  100.0%    0.0%
            outcomes: min-pair=300  | emK: k2=300
       900   128 |   0.00530   0.00544   0.00550   0.00559 | [ 0.00546, 0.00554] |   0.00550 |  100.0%    0.0%
            outcomes: min-pair=300  | emK: k2=300

    ── ISO-NULL sliceDim=512 (sigma=0.5), minClusterSize=55  (reps=300, minClusterSize=55, bar=0.025) ──
         n     d |       p50       p90       p95       p99 |           p95 95%CI |   bindP95 |  reach%    acc%
       130    64 |   0.00000   0.00000   0.00000   0.00000 | [ 0.00000, 0.00000] |   0.00000 |    0.3%    0.0%
            outcomes: em-collapsed=299, min-pair=1  | emK: k2=1
       406    64 |   0.00369   0.00396   0.00404   0.00416 | [ 0.00399, 0.00411] |   0.00400 |  100.0%    0.0%
            outcomes: min-pair=300  | emK: k2=300
       900   128 |   0.00315   0.00326   0.00329   0.00334 | [ 0.00327, 0.00331] |   0.00330 |  100.0%    0.0%
            outcomes: min-pair=300  | emK: k2=300

BUILD SUCCESSFUL in 1m 5s
8 actionable tasks: 1 executed, 7 up-to-date
Configuration cache entry reused.
